Test date: 2026-09-03
Tester: tjx
Battery model: BSL 16-series (BSL 16串)
Module count: 1 (one device detected on can0)
Source firmware: v12.46 (tool output: 12.46)
Target firmware: v12.45 (tool output: 12.45)
Firmware filename: BSL-V1.245.bin
Test scenario: Supported firmware downgrade
Start time: 2026-09-03 03:36:34.238 +0000 (CAN log START)
End time: 2026-09-03 03:42:54.629 +0000 (CAN log FINISH_ACK)
Total duration: 380.391 seconds measured by the CAN log; exact process wall time was not captured reliably
Tool command: python3 bslbatt-tool.py -c can0 -n 0x0 -f /data/vrmfilescache/BSL-V1.245.bin --can-log /tmp/downgrade_v12.46_to_v12.45_can.log
Tool output:
<message type="normal">Checking firmware</message>
<progress level="0" />
<message type="normal">Locating device</message>
<progress level="5" />
<message type="normal">Entering bootloader</message>
<progress level="10" />
<message type="normal">Erasing device</message>
<progress level="20" />
<message type="normal">Writing firmware</message>
<progress level="21" />
<progress level="22" />
<progress level="23" />
<progress level="24" />
<progress level="25" />
<progress level="26" />
<progress level="27" />
<progress level="28" />
<progress level="29" />
<progress level="30" />
<progress level="31" />
<progress level="32" />
<progress level="33" />
<progress level="34" />
<progress level="35" />
<progress level="36" />
<progress level="37" />
<progress level="38" />
<progress level="39" />
<progress level="40" />
<progress level="41" />
<progress level="42" />
<progress level="43" />
<progress level="44" />
<progress level="45" />
<progress level="46" />
<progress level="47" />
<progress level="48" />
<progress level="49" />
<progress level="50" />
<progress level="51" />
<progress level="52" />
<progress level="53" />
<progress level="54" />
<progress level="55" />
<progress level="56" />
<progress level="57" />
<progress level="58" />
<progress level="59" />
<progress level="60" />
<progress level="61" />
<progress level="62" />
<progress level="63" />
<progress level="64" />
<progress level="65" />
<progress level="66" />
<progress level="67" />
<progress level="68" />
<progress level="69" />
<progress level="70" />
<progress level="71" />
<progress level="72" />
<progress level="73" />
<progress level="74" />
<progress level="75" />
<progress level="76" />
<progress level="77" />
<progress level="78" />
<progress level="79" />
<progress level="80" />
<progress level="81" />
<progress level="82" />
<progress level="83" />
<progress level="84" />
<progress level="85" />
<progress level="86" />
<progress level="87" />
<progress level="88" />
<progress level="89" />
<progress level="90" />
<message type="normal">Verifying firmware</message>
<progress level="98" />
<message type="normal">Starting application</message>
<progress level="100" />
<message type="normal">Update successful</message>
Return code: 0
Firmware version after test: v12.45 (tool output: 12.45; verification return code 0)
Recovery required: No
Result: PASS
Notes: Target firmware SHA-256 8a7efc20671a1bbc5d6a0cf71c6141c6ba6e3a48a2fb61860b1c3cec6bff3f7e verified before downgrade. CAN log recorded START at epoch 1788406594.238 and FINISH_ACK at epoch 1788406974.629. The printed 446-second shell window included manual delay because the timing commands were entered separately, so it is not used as the process duration. The CAN protocol duration was below 400 seconds.
