1781506436.218 can0 RX SFF id=0x0000037E dlc=8 flags=- data=A8 AA 82 02 A8 AA 82 0A
1781506436.259 can0 TX SFF id=0x00000305 dlc=8 flags=- data=00 00 00 00 00 00 00 00
1781506436.263 can0 TX SFF id=0x00000307 dlc=8 flags=- data=12 34 56 78 56 49 43 00
1781506436.339 can0 RX SFF id=0x0000037F dlc=8 flags=- data=FF FF FF FF FF FF FF FF
1781506436.460 can0 RX SFF id=0x00000380 dlc=8 flags=- data=01 02 03 04 05 06 07 08
1781506436.582 can0 RX SFF id=0x00000381 dlc=8 flags=- data=01 02 03 04 05 06 07 08
1781506436.710 can0 RX SFF id=0x00000382 dlc=8 flags=- data=00 00 00 00 00 00 00 00
1781506436.832 can0 RX SFF id=0x00000383 dlc=8 flags=- data=02 02 03 02 05 06 02 08
1781506436.954 can0 RX SFF id=0x00000384 dlc=8 flags=- data=01 02 02 04 03 03 03 08
1781506437.076 can0 RX SFF id=0x00000351 dlc=8 flags=- data=26 02 C8 00 00 00 D0 01
1781506437.205 can0 RX SFF id=0x00000355 dlc=8 flags=- data=00 00 64 00 00 00 00 00
1781506437.259 can0 TX SFF id=0x00000305 dlc=8 flags=- data=00 00 00 00 00 00 00 00
1781506437.262 can0 TX SFF id=0x00000307 dlc=8 flags=- data=12 34 56 78 56 49 43 00
1781506437.302 can0 RX SFF id=0x00000356 dlc=8 flags=- data=DF 14 00 00 0E 01 00 00
1781506437.424 can0 RX SFF id=0x0000035A dlc=8 flags=- data=A8 AA 82 01 A8 AA 82 0A
1781506437.509 can0 RX SFF id=0x0000035E dlc=8 flags=- data=00 00 00 00 00 00 00 00
1781506437.592 can0 RX SFF id=0x0000035F dlc=8 flags=- data=02 03 01 17 00 00 00 00
1781506437.677 can0 RX SFF id=0x00000370 dlc=8 flags=- data=00 00 00 00 00 00 00 00
1781506437.798 can0 RX SFF id=0x00000372 dlc=8 flags=- data=01 00 00 00 00 00 00 00
1781506437.920 can0 RX SFF id=0x00000373 dlc=8 flags=- data=48 0C A6 0D 2B 01 2E 01
1781506438.043 can0 RX SFF id=0x00000374 dlc=8 flags=- data=31 20 3A 3A 31 34 00 00
1781506438.165 can0 RX SFF id=0x00000375 dlc=8 flags=- data=31 20 3A 3A 30 31 00 00
1781506438.280 can0 TX SFF id=0x00000305 dlc=8 flags=- data=00 00 00 00 00 00 00 00
1781506438.283 can0 TX SFF id=0x00000307 dlc=8 flags=- data=12 34 56 78 56 49 43 00
1781506438.293 can0 RX SFF id=0x00000376 dlc=8 flags=- data=31 20 3A 3A 30 31 20 00
1781506438.409 can0 RX SFF id=0x00000377 dlc=8 flags=- data=31 20 3A 3A 30 32 20 00
