#succeed case
Last login: Mon Jun 15 06:13:23 2026 from 192.168.1.9
root@ccgx:~#
root@ccgx:~# ip -details link show type can
3: can0: <NOARP,UP,LOWER_UP,ECHO> mtu 16 qdisc pfifo_fast state UP mode DEFAULT group default qlen 100
    link/can  promiscuity 0 minmtu 0 maxmtu 0
    can state ERROR-ACTIVE (berr-counter tx 0 rx 0) restart-ms 100
          bitrate 500000 sample-point 0.846
          tq 153 prop-seg 5 phase-seg1 5 phase-seg2 2 sjw 1
          ti_hecc: tseg1 1..16 tseg2 1..8 sjw 1..4 brp 1..256 brp-inc 1
          clock 13000000 numtxqueues 1 gso_max_size 65536 gso_max_segs 65535

root@ccgx:/opt/bs# python bslbatt-tool.py  -c can0
<device serial="model770-can0" version="v1.23" description="model 770" id="TODO_PRODUCT_ID" type="bslbatt" connection-type="can" connection-id="0x0" connection="socketcan:can0/0x0" updatable="True" />
root@ccgx:/opt/bs# python bslbatt-tool.py  -c can0
<device serial="model770-can0" version="v1.23" description="model 770" id="TODO_PRODUCT_ID" type="bslbatt" connection-type="can" connection-id="0x0" connection="socketcan:can0/0x0" updatable="True" />
root@ccgx:/opt/bs# python bslbatt-tool.py -c can0 -n 0x0 -f /data/vrmfilescache/124.bin
<message type="normal">Checking firmware</message>
<progress level="0" />
<message type="normal">Locating device</message>
<progress level="5" />
<message type="normal">Entering bootloader</message>
<progress level="10" />
<message type="normal">Erasing device</message>
<progress level="20" />
<message type="normal">Writing firmware</message>
<progress level="21" />
<progress level="22" />
<progress level="23" />
<progress level="24" />
<progress level="25" />
<progress level="26" />
<progress level="27" />
<progress level="28" />
<progress level="29" />
<progress level="30" />
<progress level="31" />
<progress level="32" />
<progress level="33" />
<progress level="34" />
<progress level="35" />
<progress level="36" />
<progress level="37" />
<progress level="38" />
<progress level="39" />
<progress level="40" />
<progress level="41" />
<progress level="42" />
<progress level="43" />
<progress level="44" />
<progress level="45" />
<progress level="46" />
<progress level="47" />
<progress level="48" />
<progress level="49" />
<progress level="50" />
<progress level="51" />
<progress level="52" />
<progress level="53" />
<progress level="54" />
<progress level="55" />
<progress level="56" />
<progress level="57" />
<progress level="58" />
<progress level="59" />
<progress level="60" />
<progress level="61" />
<progress level="62" />
<progress level="63" />
<progress level="64" />
<progress level="65" />
<progress level="66" />
<progress level="67" />
<progress level="68" />
<progress level="69" />
<progress level="70" />
<progress level="71" />
<progress level="72" />
<progress level="73" />
<progress level="74" />
<progress level="75" />
<progress level="76" />
<progress level="77" />
<progress level="78" />
<progress level="79" />
<progress level="80" />
<progress level="81" />
<progress level="82" />
<progress level="83" />
<progress level="84" />
<progress level="85" />
<progress level="86" />
<progress level="87" />
<progress level="88" />
<progress level="89" />
<progress level="90" />
<message type="normal">Verifying firmware</message>
<progress level="98" />
<message type="normal">Starting application</message>
<progress level="100" />
<message type="normal">Update successful</message>
root@ccgx:/opt/bs# python bslbatt-tool.py  -c can0
<device serial="model770-can0" version="v1.24" description="model 770" id="TODO_PRODUCT_ID" type="bslbatt" connection-type="can" connection-id="0x0" connection="socketcan:can0/0x0" updatable="True" />
root@ccgx:/opt/bs#


#fail case
root@ccgx:~# python /opt/bs/bslbatt-tool.py -c can0
<device serial="BSLBATT-can0" version="unknown" description="BSLBATT" id="TODO_PRODUCT_ID" type="bslbatt" connection-type="can" connection-id="0x0" connection="socketcan:can0/0x0" updatable="True" />
root@ccgx:~# python /opt/bs/bslbatt-tool.py -c can0 -n 0x0 -f /data/vrmfilescache/1123123.bin
<message type="normal">Firmware path error</message>
root@ccgx:~# python /opt/bs/bslbatt-tool.py -c can0 -n 0x2 -f /data/vrmfilescache/48100.bin
<message type="normal">Device id error</message>

